
> brand-connect-react@0.1.0 build
> tsc && vite build

src/components/admin-test-runner.tsx(13,3): error TS6133: 'AlertTriangle' is declared but its value is never read.
src/components/admin-test-runner.tsx(192,37): error TS6133: 'index' is declared but its value is never read.
src/components/availability-calendar.tsx(5,20): error TS6133: 'Clock' is declared but its value is never read.
src/components/availability-settings.tsx(56,32): error TS2339: Property 'recurring_availability' does not exist on type 'never'.
src/components/availability-settings.tsx(57,30): error TS2339: Property 'buffer_time' does not exist on type 'never'.
src/components/availability-settings.tsx(87,17): error TS2344: Type 'Partial<CreativeProfile>' does not satisfy the constraint 'never'.
src/components/booking-calendar.tsx(39,1): error TS6192: All imports in import declaration are unused.
src/components/booking-calendar.tsx(39,23): error TS2305: Module '"date-fns-tz"' has no exported member 'toUtc'.
src/components/booking-calendar.tsx(49,24): error TS6133: 'setUserTimezone' is declared but its value is never read.
src/components/booking-details-modal.tsx(180,41): error TS2322: Type 'Dispatch<SetStateAction<"pending" | "confirmed" | "in_progress" | "completed" | "cancelled">>' is not assignable to type '(value: string) => void'.
  Types of parameters 'value' and 'value' are incompatible.
    Type 'string' is not assignable to type 'SetStateAction<"pending" | "confirmed" | "in_progress" | "completed" | "cancelled">'.
src/components/enhanced-admin-reports.tsx(3,20): error TS6133: 'useEffect' is declared but its value is never read.
src/components/enhanced-admin-reports.tsx(9,3): error TS6133: 'Calendar' is declared but its value is never read.
src/components/enhanced-admin-reports.tsx(14,3): error TS6133: 'Filter' is declared but its value is never read.
src/components/enhanced-admin-reports.tsx(22,1): error TS6133: 'Badge' is declared but its value is never read.
src/components/enhanced-admin-reports.tsx(185,9): error TS6133: 'getReportIcon' is declared but its value is never read.
src/components/enhanced-auth-provider.tsx(3,1): error TS6133: 'UnifiedDatabaseService' is declared but its value is never read.
src/components/enhanced-booking-list.tsx(8,29): error TS6133: 'CardHeader' is declared but its value is never read.
src/components/enhanced-booking-list.tsx(8,41): error TS6133: 'CardTitle' is declared but its value is never read.
src/components/enhanced-booking-list.tsx(36,14): error TS6133: 'realtimeLoading' is declared but its value is never read.
src/components/enhanced-booking-list.tsx(37,12): error TS6133: 'realtimeError' is declared but its value is never read.
src/components/enhanced-booking-list.tsx(39,5): error TS6133: 'refresh' is declared but its value is never read.
src/components/enhanced-booking-list.tsx(47,29): error TS2558: Expected 0 type arguments, but got 1.
src/components/enhanced-booking-list.tsx(116,50): error TS2558: Expected 0 type arguments, but got 1.
src/components/enhanced-booking-list.tsx(217,32): error TS2339: Property 'client' does not exist on type '{ id: string; }'.
src/components/enhanced-booking-list.tsx(217,56): error TS2339: Property 'creative' does not exist on type '{ id: string; }'.
src/components/enhanced-booking-list.tsx(222,49): error TS2339: Property 'booking_date' does not exist on type '{ id: string; }'.
src/components/enhanced-booking-list.tsx(226,40): error TS2339: Property 'start_time' does not exist on type '{ id: string; }'.
src/components/enhanced-booking-list.tsx(226,63): error TS2339: Property 'end_time' does not exist on type '{ id: string; }'.
src/components/enhanced-booking-list.tsx(237,49): error TS2339: Property 'total_amount' does not exist on type '{ id: string; }'.
src/components/enhanced-booking-list.tsx(240,62): error TS2339: Property 'status' does not exist on type '{ id: string; }'.
src/components/enhanced-booking-list.tsx(241,32): error TS2339: Property 'status' does not exist on type '{ id: string; }'.
src/components/enhanced-booking-list.tsx(246,28): error TS2339: Property 'status' does not exist on type '{ id: string; }'.
src/components/enhanced-booking-list.tsx(269,24): error TS2339: Property 'notes' does not exist on type '{ id: string; }'.
src/components/enhanced-booking-list.tsx(271,84): error TS2339: Property 'notes' does not exist on type '{ id: string; }'.
src/components/enhanced-onboarding-flow.tsx(6,3): error TS6133: 'User' is declared but its value is never read.
src/components/enhanced-onboarding-flow.tsx(8,3): error TS6133: 'Briefcase' is declared but its value is never read.
src/components/enhanced-onboarding-flow.tsx(9,3): error TS6133: 'Star' is declared but its value is never read.
src/components/enhanced-onboarding-flow.tsx(13,3): error TS6133: 'Upload' is declared but its value is never read.
src/components/enhanced-onboarding-flow.tsx(23,29): error TS6133: 'CardHeader' is declared but its value is never read.
src/components/enhanced-onboarding-flow.tsx(23,41): error TS6133: 'CardTitle' is declared but its value is never read.
src/components/enhanced-search-filters.tsx(4,1): error TS6133: 'motion' is declared but its value is never read.
src/components/main-nav.tsx(3,16): error TS6133: 'X' is declared but its value is never read.
src/components/main-nav.tsx(4,18): error TS6133: 'AnimatePresence' is declared but its value is never read.
src/components/main-nav.tsx(95,23): error TS2339: Property 'submenu' does not exist on type '{ label: string; submenu: { href: string; label: string; }[]; href?: undefined; } | { href: string; label: string; }'.
  Property 'submenu' does not exist on type '{ href: string; label: string; }'.
src/components/main-nav.tsx(100,27): error TS2339: Property 'submenu' does not exist on type '{ label: string; submenu: { href: string; label: string; }[]; href?: undefined; } | { href: string; label: string; }'.
  Property 'submenu' does not exist on type '{ href: string; label: string; }'.
src/components/main-nav.tsx(100,40): error TS7006: Parameter 'subItem' implicitly has an 'any' type.
src/components/main-nav.tsx(134,19): error TS2339: Property 'submenu' does not exist on type '{ label: string; submenu: { href: string; label: string; }[]; href?: undefined; } | { href: string; label: string; }'.
  Property 'submenu' does not exist on type '{ href: string; label: string; }'.
src/components/main-nav.tsx(143,25): error TS2339: Property 'submenu' does not exist on type '{ label: string; submenu: { href: string; label: string; }[]; href?: undefined; } | { href: string; label: string; }'.
  Property 'submenu' does not exist on type '{ href: string; label: string; }'.
src/components/main-nav.tsx(143,38): error TS7006: Parameter 'subItem' implicitly has an 'any' type.
src/components/notification-system.tsx(1,10): error TS6133: 'useEffect' is declared but its value is never read.
src/components/notification-system.tsx(1,31): error TS6133: 'useCallback' is declared but its value is never read.
src/components/notification-system.tsx(2,23): error TS6133: 'X' is declared but its value is never read.
src/components/notification-system.tsx(5,1): error TS6133: 'toast' is declared but its value is never read.
src/components/parallax-text.tsx(41,22): error TS6133: 't' is declared but its value is never read.
src/components/portfolio-management.tsx(19,29): error TS6133: 'CardHeader' is declared but its value is never read.
src/components/portfolio-management.tsx(19,41): error TS6133: 'CardTitle' is declared but its value is never read.
src/components/real-time-chat.tsx(28,20): error TS6133: 'setIsTyping' is declared but its value is never read.
src/components/real-time-chat.tsx(71,13): error TS6133: 'message' is declared but its value is never read.
src/components/revenue-chart.tsx(20,16): error TS6133: 'setData' is declared but its value is never read.
src/components/revenue-chart.tsx(45,22): error TS2769: No overload matches this call.
  Overload 1 of 2, '(props: Props): YAxis', gave the following error.
    Type '(amount: number, currency?: string, locale?: string) => string' is not assignable to type '(value: any, index: number) => string'.
      Types of parameters 'currency' and 'index' are incompatible.
        Type 'number' is not assignable to type 'string'.
  Overload 2 of 2, '(props: Props, context: any): YAxis', gave the following error.
    Type '(amount: number, currency?: string, locale?: string) => string' is not assignable to type '(value: any, index: number) => string'.
      Types of parameters 'currency' and 'index' are incompatible.
        Type 'number' is not assignable to type 'string'.
src/components/review-system.tsx(11,1): error TS6133: 'Badge' is declared but its value is never read.
src/components/review-system.tsx(41,9): error TS2322: Type 'string | null' is not assignable to type 'string | undefined'.
  Type 'null' is not assignable to type 'string | undefined'.
src/components/site-footer.tsx(81,32): error TS6133: 'index' is declared but its value is never read.
src/components/site-header.tsx(5,10): error TS6133: 'Bell' is declared but its value is never read.
src/components/site-header.tsx(12,63): error TS6133: 'DropdownMenuLabel' is declared but its value is never read.
src/components/theme-provider.tsx(1,1): error TS6133: 'React' is declared but its value is never read.
src/components/ui/calendar.tsx(57,20): error TS6133: 'props' is declared but its value is never read.
src/components/ui/calendar.tsx(58,21): error TS6133: 'props' is declared but its value is never read.
src/hooks/use-session-management.ts(13,7): error TS6133: 'SESSION_EXTEND_TIME' is declared but its value is never read.
src/hooks/use-session-management.ts(26,73): error TS6133: 'event' is declared but its value is never read.
src/lib/api/error-handler.ts(237,7): error TS2322: Type 'ApiError' is not assignable to type 'T'.
  'T' could be instantiated with an arbitrary type which could be unrelated to 'ApiError'.
src/lib/hooks/use-optimistic-updates.ts(151,17): error TS6133: 'booking' is declared but its value is never read.
src/lib/hooks/use-optimistic-updates.ts(154,22): error TS6133: 'booking' is declared but its value is never read.
src/lib/hooks/use-optimistic-updates.ts(223,15): error TS6133: 'error' is declared but its value is never read.
src/lib/services/comprehensive-testing-service.ts(788,13): error TS6133: 'buttons' is declared but its value is never read.
src/lib/services/enhanced-auth-service.ts(287,65): error TS6133: 'full_name' is declared but its value is never read.
src/lib/services/enhanced-database-service.ts(1,1): error TS6192: All imports in import declaration are unused.
src/lib/services/enhanced-database-service.ts(53,151): error TS2339: Property 'users' does not exist on type '{ client_profiles: { Row: User; Insert: Omit<User, "id" | "created_at" | "updated_at">; Update: Partial<Omit<User, "id">>; }; creative_profiles: { ...; }; ... 7 more ...; reviews: { ...; }; }'.
src/lib/services/enhanced-database-service.ts(149,15): error TS2345: Argument of type 'Partial<CreativeProfile>' is not assignable to parameter of type 'never'.
src/lib/services/enhanced-database-service.ts(212,15): error TS2769: No overload matches this call.
  Overload 1 of 2, '(values: never, options?: { count?: "exact" | "planned" | "estimated" | undefined; } | undefined): PostgrestFilterBuilder<{ PostgrestVersion: string; }, never, never, null, "bookings", never, "POST">', gave the following error.
    Argument of type 'Omit<Booking, "id" | "created_at" | "updated_at">' is not assignable to parameter of type 'never'.
  Overload 2 of 2, '(values: never[], options?: { count?: "exact" | "planned" | "estimated" | undefined; defaultToNull?: boolean | undefined; } | undefined): PostgrestFilterBuilder<{ PostgrestVersion: string; }, never, never, null, "bookings", never, "POST">', gave the following error.
    Argument of type 'Omit<Booking, "id" | "created_at" | "updated_at">' is not assignable to parameter of type 'never[]'.
      Type 'Omit<Booking, "id" | "created_at" | "updated_at">' is missing the following properties from type 'never[]': length, pop, push, concat, and 29 more.
src/lib/services/enhanced-database-service.ts(225,5): error TS2322: Type 'Booking | null' is not assignable to type 'Booking'.
  Type 'null' is not assignable to type 'Booking'.
src/lib/services/enhanced-database-service.ts(234,15): error TS2345: Argument of type '{ status: string; updated_at: string; }' is not assignable to parameter of type 'never'.
src/lib/services/enhanced-database-service.ts(321,15): error TS2769: No overload matches this call.
  Overload 1 of 2, '(values: never, options?: { count?: "exact" | "planned" | "estimated" | undefined; } | undefined): PostgrestFilterBuilder<{ PostgrestVersion: string; }, never, never, null, "conversations", never, "POST">', gave the following error.
    Argument of type 'Omit<Conversation, "id" | "created_at" | "last_message_at">' is not assignable to parameter of type 'never'.
  Overload 2 of 2, '(values: never[], options?: { count?: "exact" | "planned" | "estimated" | undefined; defaultToNull?: boolean | undefined; } | undefined): PostgrestFilterBuilder<{ PostgrestVersion: string; }, never, never, null, "conversations", never, "POST">', gave the following error.
    Argument of type 'Omit<Conversation, "id" | "created_at" | "last_message_at">' is not assignable to parameter of type 'never[]'.
      Type 'Omit<Conversation, "id" | "created_at" | "last_message_at">' is missing the following properties from type 'never[]': length, pop, push, concat, and 29 more.
src/lib/services/enhanced-database-service.ts(329,5): error TS2322: Type 'Conversation | null' is not assignable to type 'Conversation'.
  Type 'null' is not assignable to type 'Conversation'.
src/lib/services/enhanced-database-service.ts(354,15): error TS2769: No overload matches this call.
  Overload 1 of 2, '(values: never, options?: { count?: "exact" | "planned" | "estimated" | undefined; } | undefined): PostgrestFilterBuilder<{ PostgrestVersion: string; }, never, never, null, "messages", never, "POST">', gave the following error.
    Argument of type 'Omit<Message, "id" | "created_at">' is not assignable to parameter of type 'never'.
  Overload 2 of 2, '(values: never[], options?: { count?: "exact" | "planned" | "estimated" | undefined; defaultToNull?: boolean | undefined; } | undefined): PostgrestFilterBuilder<{ PostgrestVersion: string; }, never, never, null, "messages", never, "POST">', gave the following error.
    Argument of type 'Omit<Message, "id" | "created_at">' is not assignable to parameter of type 'never[]'.
      Type 'Omit<Message, "id" | "created_at">' is missing the following properties from type 'never[]': length, pop, push, concat, and 29 more.
src/lib/services/enhanced-database-service.ts(365,15): error TS2345: Argument of type '{ last_message_at: string; }' is not assignable to parameter of type 'never'.
src/lib/services/enhanced-database-service.ts(368,5): error TS2322: Type 'Message | null' is not assignable to type 'Message'.
  Type 'null' is not assignable to type 'Message'.
src/lib/services/enhanced-database-service.ts(377,15): error TS2345: Argument of type '{ read_at: string; }' is not assignable to parameter of type 'never'.
src/lib/services/enhanced-database-service.ts(446,15): error TS2769: No overload matches this call.
  Overload 1 of 2, '(values: never, options?: { count?: "exact" | "planned" | "estimated" | undefined; } | undefined): PostgrestFilterBuilder<{ PostgrestVersion: string; }, never, never, null, "notifications", never, "POST">', gave the following error.
    Argument of type 'Omit<Notification, "id" | "created_at">' is not assignable to parameter of type 'never'.
  Overload 2 of 2, '(values: never[], options?: { count?: "exact" | "planned" | "estimated" | undefined; defaultToNull?: boolean | undefined; } | undefined): PostgrestFilterBuilder<{ PostgrestVersion: string; }, never, never, null, "notifications", never, "POST">', gave the following error.
    Argument of type 'Omit<Notification, "id" | "created_at">' is not assignable to parameter of type 'never[]'.
      Type 'Omit<Notification, "id" | "created_at">' is missing the following properties from type 'never[]': length, pop, push, concat, and 29 more.
src/lib/services/enhanced-database-service.ts(454,5): error TS2322: Type 'Notification | null' is not assignable to type 'Notification'.
  Type 'null' is not assignable to type 'Notification'.
src/lib/services/enhanced-database-service.ts(460,15): error TS2345: Argument of type '{ read_at: string; }' is not assignable to parameter of type 'never'.
src/lib/services/enhanced-database-service.ts(496,84): error TS2339: Property 'total_amount' does not exist on type 'never'.
src/lib/services/enhanced-database-service.ts(560,38): error TS2339: Property 'full_name' does not exist on type '{ email?: string | undefined; phone?: string | undefined; raw_user_meta_data?: any; }'.
src/lib/services/enhanced-database-service.ts(605,15): error TS2352: Conversion of type '{ id: string; email: string; full_name: string; phone?: string | undefined; location?: string | undefined; }' to type 'Omit<User, "id" | "created_at" | "updated_at">' may be a mistake because neither type sufficiently overlaps with the other. If this was intentional, convert the expression to 'unknown' first.
  Type '{ id: string; email: string; full_name: string; phone?: string | undefined; location?: string | undefined; }' is missing the following properties from type 'Omit<User, "id" | "created_at" | "updated_at">': role, verified, approved
src/lib/services/enhanced-database-service.ts(605,15): error TS2769: No overload matches this call.
  Overload 1 of 2, '(values: never, options?: { count?: "exact" | "planned" | "estimated" | undefined; } | undefined): PostgrestFilterBuilder<{ PostgrestVersion: string; }, never, never, null, "client_profiles", never, "POST">', gave the following error.
    Argument of type 'Omit<User, "id" | "created_at" | "updated_at">' is not assignable to parameter of type 'never'.
  Overload 2 of 2, '(values: never[], options?: { count?: "exact" | "planned" | "estimated" | undefined; defaultToNull?: boolean | undefined; } | undefined): PostgrestFilterBuilder<{ PostgrestVersion: string; }, never, never, null, "client_profiles", never, "POST">', gave the following error.
    Argument of type 'Omit<User, "id" | "created_at" | "updated_at">' is not assignable to parameter of type 'never[]'.
      Type 'Omit<User, "id" | "created_at" | "updated_at">' is missing the following properties from type 'never[]': length, pop, push, concat, and 29 more.
src/lib/services/enhanced-database-service.ts(625,15): error TS2769: No overload matches this call.
  Overload 1 of 2, '(values: never, options?: { count?: "exact" | "planned" | "estimated" | undefined; } | undefined): PostgrestFilterBuilder<{ PostgrestVersion: string; }, never, never, null, "creative_profiles", never, "POST">', gave the following error.
    Argument of type 'Omit<CreativeProfile, "id" | "created_at" | "updated_at" | "rating" | "reviews_count" | "completed_projects">' is not assignable to parameter of type 'never'.
  Overload 2 of 2, '(values: never[], options?: { count?: "exact" | "planned" | "estimated" | undefined; defaultToNull?: boolean | undefined; } | undefined): PostgrestFilterBuilder<{ PostgrestVersion: string; }, never, never, null, "creative_profiles", never, "POST">', gave the following error.
    Argument of type 'Omit<CreativeProfile, "id" | "created_at" | "updated_at" | "rating" | "reviews_count" | "completed_projects">' is not assignable to parameter of type 'never[]'.
      Type 'Omit<CreativeProfile, "id" | "created_at" | "updated_at" | "rating" | "reviews_count" | "completed_projects">' is missing the following properties from type 'never[]': length, pop, push, concat, and 29 more.
src/lib/services/enhanced-database-service.ts(643,9): error TS6133: 'totalRevenue' is declared but its value is never read.
src/lib/services/enhanced-database-service.ts(657,81): error TS2339: Property 'total_amount' does not exist on type 'never'.
src/lib/services/enhanced-database-service.ts(695,19): error TS2339: Property 'error' does not exist on type '{ data: User | null; }'.
src/lib/services/enhanced-database-service.ts(697,15): error TS2345: Argument of type 'Partial<Omit<User, "id">>' is not assignable to parameter of type 'never'.
src/lib/services/enhanced-database-service.ts(709,31): error TS6133: 'currentPassword' is declared but its value is never read.
src/lib/services/enhanced-database-service.ts(817,54): error TS18046: 'error' is of type 'unknown'.
src/lib/services/enhanced-database-service.ts(841,15): error TS2304: Cannot find name 'Review'.
src/lib/services/enhanced-database-service.ts(842,19): error TS2339: Property 'error' does not exist on type '{ data: Review | null; }'.
src/lib/services/enhanced-database-service.ts(844,15): error TS2769: No overload matches this call.
  Overload 1 of 2, '(values: never, options?: { count?: "exact" | "planned" | "estimated" | undefined; } | undefined): PostgrestFilterBuilder<{ PostgrestVersion: string; }, never, never, null, "reviews", never, "POST">', gave the following error.
    Argument of type 'Omit<Review, "id" | "created_at">' is not assignable to parameter of type 'never'.
  Overload 2 of 2, '(values: never[], options?: { count?: "exact" | "planned" | "estimated" | undefined; defaultToNull?: boolean | undefined; } | undefined): PostgrestFilterBuilder<{ PostgrestVersion: string; }, never, never, null, "reviews", never, "POST">', gave the following error.
    Argument of type 'Omit<Review, "id" | "created_at">' is not assignable to parameter of type 'never[]'.
      Type 'Omit<Review, "id" | "created_at">' is missing the following properties from type 'never[]': length, pop, push, concat, and 29 more.
src/lib/services/enhanced-notification-service.ts(55,17): error TS2769: No overload matches this call.
  Overload 1 of 2, '(values: never, options?: { count?: "exact" | "planned" | "estimated" | undefined; } | undefined): PostgrestFilterBuilder<{ PostgrestVersion: string; }, never, never, null, "notifications", never, "POST">', gave the following error.
    Argument of type 'Partial<Notification>' is not assignable to parameter of type 'never'.
  Overload 2 of 2, '(values: never[], options?: { count?: "exact" | "planned" | "estimated" | undefined; defaultToNull?: boolean | undefined; } | undefined): PostgrestFilterBuilder<{ PostgrestVersion: string; }, never, never, null, "notifications", never, "POST">', gave the following error.
    Argument of type 'Partial<Notification>' is not assignable to parameter of type 'never[]'.
      Type 'Partial<Notification>' is missing the following properties from type 'never[]': length, pop, push, concat, and 29 more.
src/lib/services/enhanced-notification-service.ts(192,33): error TS2339: Property 'email' does not exist on type 'never'.
src/lib/services/enhanced-notification-service.ts(193,32): error TS2339: Property 'title' does not exist on type 'never'.
src/lib/services/enhanced-notification-service.ts(194,33): error TS2339: Property 'phone' does not exist on type 'never'.
src/lib/services/enhanced-notification-service.ts(224,30): error TS2339: Property 'user_id' does not exist on type 'never'.
src/lib/services/enhanced-notification-service.ts(260,30): error TS2339: Property 'user_id' does not exist on type 'never'.
src/lib/services/unified-database-service.ts(3,10): error TS6133: 'PostgrestResponse' is declared but its value is never read.
src/lib/services/unified-database-service.ts(3,29): error TS6133: 'PostgrestSingleResponse' is declared but its value is never read.
src/lib/services/unified-database-service.ts(3,54): error TS2305: Module '"@supabase/supabase-js"' has no exported member 'PostgrestFilterBuilder'.
src/lib/services/unified-database-service.ts(4,15): error TS2305: Module '"@supabase/supabase-js"' has no exported member 'Database'.
src/lib/services/unified-database-service.ts(14,3): error TS6196: 'Review' is declared but never used.
src/lib/services/unified-database-service.ts(15,3): error TS6196: 'Payment' is declared but never used.
src/lib/services/unified-database-service.ts(26,31): error TS2769: No overload matches this call.
  Overload 1 of 2, '(relation: string): PostgrestQueryBuilder<{ PostgrestVersion: string; }, never, never, string, never>', gave the following error.
    Argument of type 'string | number | symbol' is not assignable to parameter of type 'string'.
      Type 'number' is not assignable to type 'string'.
  Overload 2 of 2, '(relation: string): PostgrestQueryBuilder<{ PostgrestVersion: string; }, never, never, string, never>', gave the following error.
    Argument of type 'string | number | symbol' is not assignable to parameter of type 'string'.
      Type 'number' is not assignable to type 'string'.
src/lib/services/unified-database-service.ts(151,32): error TS7006: Parameter 'profile' implicitly has an 'any' type.
src/lib/services/unified-database-service.ts(175,34): error TS7006: Parameter 'profile' implicitly has an 'any' type.
src/lib/services/unified-database-service.ts(886,40): error TS7006: Parameter 'sum' implicitly has an 'any' type.
src/lib/services/unified-database-service.ts(886,45): error TS7006: Parameter 'item' implicitly has an 'any' type.
src/lib/services/unified-database-service.ts(922,50): error TS7006: Parameter 'sum' implicitly has an 'any' type.
src/lib/services/unified-database-service.ts(922,55): error TS7006: Parameter 'booking' implicitly has an 'any' type.
src/lib/services/unified-database-service.ts(1016,71): error TS2554: Expected 1 arguments, but got 2.
src/lib/services/unified-database-service.ts(1034,71): error TS2554: Expected 1 arguments, but got 2.
src/lib/services/unified-database-service.ts(1046,71): error TS2554: Expected 1 arguments, but got 2.
src/lib/services/unified-database-service.ts(1067,64): error TS2554: Expected 1 arguments, but got 2.
src/lib/services/unified-database-service.ts(1085,64): error TS2554: Expected 1 arguments, but got 2.
src/lib/services/unified-database-service.ts(1097,64): error TS2554: Expected 1 arguments, but got 2.
src/lib/services/unified-database-service.ts(1125,69): error TS2554: Expected 1 arguments, but got 2.
src/lib/services/unified-database-service.ts(1131,24): error TS6133: 'updateCreativeRating' is declared but its value is never read.
src/lib/services/unified-database-service.ts(1141,43): error TS7006: Parameter 'sum' implicitly has an 'any' type.
src/lib/services/unified-database-service.ts(1141,48): error TS7006: Parameter 'review' implicitly has an 'any' type.
src/lib/services/unified-database-service.ts(1154,72): error TS2554: Expected 1 arguments, but got 2.
src/lib/services/unified-database-service.ts(1272,18): error TS7006: Parameter 'b' implicitly has an 'any' type.
src/lib/services/unified-database-service.ts(1273,18): error TS7006: Parameter 'sum' implicitly has an 'any' type.
src/lib/services/unified-database-service.ts(1273,23): error TS7006: Parameter 'booking' implicitly has an 'any' type.
src/lib/services/unified-database-service.ts(1280,56): error TS7006: Parameter 'b' implicitly has an 'any' type.
src/lib/services/unified-database-service.ts(1281,56): error TS7006: Parameter 'c' implicitly has an 'any' type.
src/lib/services/unified-database-service.ts(1291,31): error TS6133: 'currentPassword' is declared but its value is never read.
src/pages/AdminAnalyticsPage.tsx(257,34): error TS6133: 'index' is declared but its value is never read.
src/pages/AdminAnalyticsPage.tsx(294,32): error TS6133: 'index' is declared but its value is never read.
src/pages/AdminAnalyticsPage.tsx(320,20): error TS2304: Cannot find name 'Badge'.
src/pages/AdminAnalyticsPage.tsx(320,79): error TS2304: Cannot find name 'Badge'.
src/pages/AdminBookingsPage.tsx(40,19): error TS2345: Argument of type 'Booking[]' is not assignable to parameter of type 'SetStateAction<never[]>'.
  Type 'Booking[]' is not assignable to type 'never[]'.
    Type 'Booking' is not assignable to type 'never'.
src/pages/AdminBookingsPage.tsx(74,55): error TS2339: Property 'status' does not exist on type 'never'.
src/pages/AdminBookingsPage.tsx(76,15): error TS2339: Property 'client' does not exist on type 'never'.
src/pages/AdminBookingsPage.tsx(77,15): error TS2339: Property 'creative' does not exist on type 'never'.
src/pages/AdminBookingsPage.tsx(78,15): error TS2339: Property 'service' does not exist on type 'never'.
src/pages/AdminBookingsPage.tsx(180,34): error TS2339: Property 'id' does not exist on type 'never'.
src/pages/AdminBookingsPage.tsx(190,42): error TS2339: Property 'client' does not exist on type 'never'.
src/pages/AdminBookingsPage.tsx(190,122): error TS2339: Property 'client' does not exist on type 'never'.
src/pages/AdminBookingsPage.tsx(191,42): error TS2339: Property 'client' does not exist on type 'never'.
src/pages/AdminBookingsPage.tsx(199,38): error TS2339: Property 'service' does not exist on type 'never'.
src/pages/AdminBookingsPage.tsx(202,38): error TS2339: Property 'client' does not exist on type 'never'.
src/pages/AdminBookingsPage.tsx(202,63): error TS2339: Property 'creative' does not exist on type 'never'.
src/pages/AdminBookingsPage.tsx(210,51): error TS2339: Property 'booking_date' does not exist on type 'never'.
src/pages/AdminBookingsPage.tsx(214,42): error TS2339: Property 'start_time' does not exist on type 'never'.
src/pages/AdminBookingsPage.tsx(219,53): error TS2339: Property 'total_amount' does not exist on type 'never'.
src/pages/AdminBookingsPage.tsx(226,64): error TS2339: Property 'status' does not exist on type 'never'.
src/pages/AdminBookingsPage.tsx(227,34): error TS2339: Property 'status' does not exist on type 'never'.
src/pages/AdminCreateUserPage.tsx(3,20): error TS6133: 'AlertTriangle' is declared but its value is never read.
src/pages/AdminMessagesPage.tsx(3,48): error TS6133: 'Eye' is declared but its value is never read.
src/pages/AdminMessagesPage.tsx(3,53): error TS6133: 'Users' is declared but its value is never read.
src/pages/AdminMessagesPage.tsx(5,41): error TS6133: 'CardTitle' is declared but its value is never read.
src/pages/AdminMessagesPage.tsx(35,24): error TS2345: Argument of type 'Conversation[]' is not assignable to parameter of type 'SetStateAction<never[]>'.
  Type 'Conversation[]' is not assignable to type 'never[]'.
    Type 'Conversation' is not assignable to type 'never'.
src/pages/AdminMessagesPage.tsx(47,19): error TS2345: Argument of type 'Message[]' is not assignable to parameter of type 'SetStateAction<never[]>'.
  Type 'Message[]' is not assignable to type 'never[]'.
    Type 'Message' is not assignable to type 'never'.
src/pages/AdminMessagesPage.tsx(50,7): error TS2304: Cannot find name 'toast'.
src/pages/AdminMessagesPage.tsx(54,37): error TS7006: Parameter 'conversation' implicitly has an 'any' type.
src/pages/AdminMessagesPage.tsx(62,29): error TS2339: Property 'client' does not exist on type 'never'.
src/pages/AdminMessagesPage.tsx(63,31): error TS2339: Property 'creative' does not exist on type 'never'.
src/pages/AdminMessagesPage.tsx(147,41): error TS2339: Property 'id' does not exist on type 'never'.
src/pages/AdminMessagesPage.tsx(152,47): error TS2339: Property 'id' does not exist on type 'never'.
src/pages/AdminMessagesPage.tsx(152,67): error TS2339: Property 'id' does not exist on type 'never'.
src/pages/AdminMessagesPage.tsx(160,49): error TS2339: Property 'client' does not exist on type 'never'.
src/pages/AdminMessagesPage.tsx(160,134): error TS2339: Property 'client' does not exist on type 'never'.
src/pages/AdminMessagesPage.tsx(161,49): error TS2339: Property 'client' does not exist on type 'never'.
src/pages/AdminMessagesPage.tsx(167,49): error TS2339: Property 'creative' does not exist on type 'never'.
src/pages/AdminMessagesPage.tsx(167,136): error TS2339: Property 'creative' does not exist on type 'never'.
src/pages/AdminMessagesPage.tsx(168,49): error TS2339: Property 'creative' does not exist on type 'never'.
src/pages/AdminMessagesPage.tsx(177,45): error TS2339: Property 'client' does not exist on type 'never'.
src/pages/AdminMessagesPage.tsx(177,80): error TS2339: Property 'creative' does not exist on type 'never'.
src/pages/AdminMessagesPage.tsx(180,64): error TS2339: Property 'last_message_at' does not exist on type 'never'.
src/pages/AdminMessagesPage.tsx(185,45): error TS2339: Property 'booking' does not exist on type 'never'.
src/pages/AdminMessagesPage.tsx(188,45): error TS2339: Property 'status' does not exist on type 'never'.
src/pages/AdminMessagesPage.tsx(217,53): error TS2339: Property 'client' does not exist on type 'never'.
src/pages/AdminMessagesPage.tsx(218,53): error TS2339: Property 'client' does not exist on type 'never'.
src/pages/AdminMessagesPage.tsx(224,53): error TS2339: Property 'creative' does not exist on type 'never'.
src/pages/AdminMessagesPage.tsx(225,53): error TS2339: Property 'creative' does not exist on type 'never'.
src/pages/AdminMessagesPage.tsx(232,47): error TS2339: Property 'client' does not exist on type 'never'.
src/pages/AdminMessagesPage.tsx(232,90): error TS2339: Property 'creative' does not exist on type 'never'.
src/pages/AdminMessagesPage.tsx(235,64): error TS2339: Property 'id' does not exist on type 'never'.
src/pages/AdminMessagesPage.tsx(250,46): error TS6133: 'index' is declared but its value is never read.
src/pages/AdminMessagesPage.tsx(251,43): error TS2339: Property 'id' does not exist on type 'never'.
src/pages/AdminMessagesPage.tsx(255,42): error TS2339: Property 'sender_id' does not exist on type 'never'.
src/pages/AdminMessagesPage.tsx(255,77): error TS2339: Property 'client_id' does not exist on type 'never'.
src/pages/AdminMessagesPage.tsx(258,51): error TS2339: Property 'created_at' does not exist on type 'never'.
src/pages/AdminMessagesPage.tsx(261,61): error TS2339: Property 'content' does not exist on type 'never'.
src/pages/AdminPage.tsx(12,3): error TS6133: 'Award' is declared but its value is never read.
src/pages/AdminReportsPage.tsx(3,10): error TS6133: 'FileText' is declared but its value is never read.
src/pages/AdminReportsPage.tsx(5,1): error TS6192: All imports in import declaration are unused.
src/pages/AdminReportsPage.tsx(14,17): error TS6133: 'setError' is declared but its value is never read.
src/pages/AdminSettingsPage.tsx(1,20): error TS6133: 'useEffect' is declared but its value is never read.
src/pages/AdminSettingsPage.tsx(3,10): error TS6133: 'Settings' is declared but its value is never read.
src/pages/AdminSettingsPage.tsx(3,59): error TS6133: 'AlertTriangle' is declared but its value is never read.
src/pages/AdminSettingsPage.tsx(9,1): error TS6133: 'Textarea' is declared but its value is never read.
src/pages/AdminSettingsPage.tsx(11,1): error TS6192: All imports in import declaration are unused.
src/pages/AdminSettingsPage.tsx(12,1): error TS6133: 'Separator' is declared but its value is never read.
src/pages/AdminSettingsPage.tsx(14,1): error TS6133: 'InlineLoading' is declared but its value is never read.
src/pages/AdminSettingsPage.tsx(19,9): error TS6133: 'user' is declared but its value is never read.
src/pages/AdminSettingsPage.tsx(20,10): error TS6133: 'loading' is declared but its value is never read.
src/pages/AdminSettingsPage.tsx(20,19): error TS6133: 'setLoading' is declared but its value is never read.
src/pages/AdminSettingsPage.tsx(22,10): error TS6133: 'error' is declared but its value is never read.
src/pages/AdminSettingsPage.tsx(22,17): error TS6133: 'setError' is declared but its value is never read.
src/pages/AdminUsersPage.tsx(11,1): error TS6133: 'DataTable' is declared but its value is never read.
src/pages/AdminUsersPage.tsx(39,16): error TS2345: Argument of type 'User[]' is not assignable to parameter of type 'SetStateAction<never[]>'.
  Type 'User[]' is not assignable to type 'never[]'.
    Type 'User' is not assignable to type 'never'.
src/pages/AdminUsersPage.tsx(51,42): error TS2339: Property 'id' does not exist on type 'never'.
src/pages/AdminUsersPage.tsx(51,61): error TS2339: Property 'role' does not exist on type 'never'.
src/pages/AdminUsersPage.tsx(74,42): error TS2339: Property 'id' does not exist on type 'never'.
src/pages/AdminUsersPage.tsx(74,61): error TS2339: Property 'role' does not exist on type 'never'.
src/pages/AdminUsersPage.tsx(131,52): error TS2339: Property 'role' does not exist on type 'never'.
src/pages/AdminUsersPage.tsx(133,12): error TS2339: Property 'full_name' does not exist on type 'never'.
src/pages/AdminUsersPage.tsx(134,12): error TS2339: Property 'email' does not exist on type 'never'.
src/pages/AdminUsersPage.tsx(234,35): error TS2339: Property 'id' does not exist on type 'never'.
src/pages/AdminUsersPage.tsx(243,41): error TS2339: Property 'avatar_url' does not exist on type 'never'.
src/pages/AdminUsersPage.tsx(243,114): error TS2339: Property 'full_name' does not exist on type 'never'.
src/pages/AdminUsersPage.tsx(244,41): error TS2339: Property 'full_name' does not exist on type 'never'.
src/pages/AdminUsersPage.tsx(247,37): error TS2339: Property 'full_name' does not exist on type 'never'.
src/pages/AdminUsersPage.tsx(254,39): error TS2339: Property 'full_name' does not exist on type 'never'.
src/pages/AdminUsersPage.tsx(256,50): error TS2339: Property 'role' does not exist on type 'never'.
src/pages/AdminUsersPage.tsx(259,37): error TS2339: Property 'email' does not exist on type 'never'.
src/pages/AdminUsersPage.tsx(262,46): error TS2339: Property 'location' does not exist on type 'never'.
src/pages/AdminUsersPage.tsx(263,62): error TS2339: Property 'created_at' does not exist on type 'never'.
src/pages/AdminUsersPage.tsx(271,33): error TS2339: Property 'role' does not exist on type 'never'.
src/pages/AdminUsersPage.tsx(271,66): error TS2339: Property 'approved' does not exist on type 'never'.
src/pages/AdminUsersPage.tsx(274,75): error TS2339: Property 'id' does not exist on type 'never'.
src/pages/AdminUsersPage.tsx(282,74): error TS2339: Property 'id' does not exist on type 'never'.
src/pages/BlogPage.tsx(1,20): error TS6133: 'useEffect' is declared but its value is never read.
src/pages/BlogPage.tsx(3,46): error TS6133: 'Filter' is declared but its value is never read.
src/pages/BlogPage.tsx(6,29): error TS6133: 'CardHeader' is declared but its value is never read.
src/pages/BlogPage.tsx(6,41): error TS6133: 'CardTitle' is declared but its value is never read.
src/pages/BlogPostPage.tsx(1,1): error TS6192: All imports in import declaration are unused.
src/pages/BlogPostPage.tsx(3,10): error TS6133: 'Calendar' is declared but its value is never read.
src/pages/BlogPostPage.tsx(3,20): error TS6133: 'User' is declared but its value is never read.
src/pages/BlogPostPage.tsx(10,1): error TS6133: 'Separator' is declared but its value is never read.
src/pages/BlogPostPage.tsx(13,9): error TS6133: 'id' is declared but its value is never read.
src/pages/BlogPostPage.tsx(251,38): error TS6133: 'index' is declared but its value is never read.
src/pages/BlogPostPage.tsx(275,24): error TS2304: Cannot find name 'ArrowRight'.
src/pages/BookingDetailsPage.tsx(11,1): error TS6192: All imports in import declaration are unused.
src/pages/BookingDetailsPage.tsx(46,18): error TS2345: Argument of type 'Booking' is not assignable to parameter of type 'SetStateAction<null>'.
  Type 'Booking' provides no match for the signature '(prevState: null): null'.
src/pages/BookingDetailsPage.tsx(60,64): error TS2339: Property 'id' does not exist on type 'never'.
src/pages/BookingDetailsPage.tsx(61,29): error TS2698: Spread types may only be created from object types.
src/pages/BookingDetailsPage.tsx(134,29): error TS2339: Property 'client_id' does not exist on type 'never'.
src/pages/BookingDetailsPage.tsx(134,62): error TS2339: Property 'creative' does not exist on type 'never'.
src/pages/BookingDetailsPage.tsx(134,81): error TS2339: Property 'client' does not exist on type 'never'.
src/pages/BookingDetailsPage.tsx(152,38): error TS2339: Property 'id' does not exist on type 'never'.
src/pages/BookingDetailsPage.tsx(156,57): error TS2339: Property 'status' does not exist on type 'never'.
src/pages/BookingDetailsPage.tsx(157,38): error TS2339: Property 'status' does not exist on type 'never'.
src/pages/BookingDetailsPage.tsx(158,24): error TS2339: Property 'status' does not exist on type 'never'.
src/pages/BookingDetailsPage.tsx(183,75): error TS2339: Property 'service' does not exist on type 'never'.
